npm warn Unknown env config "devdir". This will stop working in the next major version of npm. See `npm help npmrc` for supported config options.
src/modules/belts/belts.service.ts(26,13): error TS2551: Property 'BLACK' does not exist on type '{ WHITE: "WHITE"; YELLOW: "YELLOW"; ORANGE: "ORANGE"; GREEN: "GREEN"; BLUE: "BLUE"; PURPLE: "PURPLE"; BROWN: "BROWN"; RED: "RED"; BLACK_1: "BLACK_1"; BLACK_2: "BLACK_2"; BLACK_3: "BLACK_3"; BLACK_4: "BLACK_4"; BLACK_5: "BLACK_5"; }'. Did you mean 'BLACK_1'?
src/modules/belts/belts.service.ts(78,38): error TS2551: Property 'PASSED' does not exist on type '{ PASS: "PASS"; FAIL: "FAIL"; PENDING: "PENDING"; ABSENT: "ABSENT"; }'. Did you mean 'PASS'?
src/modules/belts/belts.service.ts(78,77): error TS2551: Property 'FAILED' does not exist on type '{ PASS: "PASS"; FAIL: "FAIL"; PENDING: "PENDING"; ABSENT: "ABSENT"; }'. Did you mean 'FAIL'?
src/modules/belts/belts.service.ts(100,39): error TS2551: Property 'PASSED' does not exist on type '{ PASS: "PASS"; FAIL: "FAIL"; PENDING: "PENDING"; ABSENT: "ABSENT"; }'. Did you mean 'PASS'?
src/modules/belts/belts.service.ts(103,47): error TS2353: Object literal may only specify known properties, and 'lastBeltDate' does not exist in type '(Without<StudentUpdateInput, StudentUncheckedUpdateInput> & StudentUncheckedUpdateInput) | (Without<...> & StudentUpdateInput)'.
src/modules/belts/belts.service.ts(108,13): error TS2353: Object literal may only specify known properties, and 'type' does not exist in type 'Without<StudentHistoryCreateInput, StudentHistoryUncheckedCreateInput> & StudentHistoryUncheckedCreateInput'.
src/modules/belts/belts.service.ts(119,37): error TS2551: Property 'PASSED' does not exist on type '{ PASS: "PASS"; FAIL: "FAIL"; PENDING: "PENDING"; ABSENT: "ABSENT"; }'. Did you mean 'PASS'?
src/modules/certificates/certificates.service.ts(78,9): error TS2367: This comparison appears to be unintentional because the types 'ExamResult' and '"PASSED"' have no overlap.
src/modules/certificates/certificates.service.ts(154,13): error TS2353: Object literal may only specify known properties, and 'secondaryColor' does not exist in type 'AcademySelect<DefaultArgs>'.
src/modules/certificates/certificates.service.ts(178,25): error TS2551: Property 'student' does not exist on type '{ type: CertificateType; description: string | null; id: string; createdAt: Date; academyId: string; metadata: JsonValue; updatedAt: Date; studentId: string; ... 8 more ...; revokedReason: string | null; }'. Did you mean 'studentId'?
src/modules/certificates/certificates.service.ts(178,51): error TS2551: Property 'student' does not exist on type '{ type: CertificateType; description: string | null; id: string; createdAt: Date; academyId: string; metadata: JsonValue; updatedAt: Date; studentId: string; ... 8 more ...; revokedReason: string | null; }'. Did you mean 'studentId'?
src/modules/certificates/certificates.service.ts(179,22): error TS2551: Property 'student' does not exist on type '{ type: CertificateType; description: string | null; id: string; createdAt: Date; academyId: string; metadata: JsonValue; updatedAt: Date; studentId: string; ... 8 more ...; revokedReason: string | null; }'. Did you mean 'studentId'?
src/modules/certificates/certificates.service.ts(180,29): error TS2551: Property 'student' does not exist on type '{ type: CertificateType; description: string | null; id: string; createdAt: Date; academyId: string; metadata: JsonValue; updatedAt: Date; studentId: string; ... 8 more ...; revokedReason: string | null; }'. Did you mean 'studentId'?
src/modules/certificates/certificates.service.ts(183,22): error TS2551: Property 'academy' does not exist on type '{ type: CertificateType; description: string | null; id: string; createdAt: Date; academyId: string; metadata: JsonValue; updatedAt: Date; studentId: string; ... 8 more ...; revokedReason: string | null; }'. Did you mean 'academyId'?
src/modules/certificates/certificates.service.ts(184,25): error TS2551: Property 'academy' does not exist on type '{ type: CertificateType; description: string | null; id: string; createdAt: Date; academyId: string; metadata: JsonValue; updatedAt: Date; studentId: string; ... 8 more ...; revokedReason: string | null; }'. Did you mean 'academyId'?
src/modules/certificates/certificates.service.ts(185,26): error TS2551: Property 'academy' does not exist on type '{ type: CertificateType; description: string | null; id: string; createdAt: Date; academyId: string; metadata: JsonValue; updatedAt: Date; studentId: string; ... 8 more ...; revokedReason: string | null; }'. Did you mean 'academyId'?
src/modules/certificates/certificates.service.ts(185,53): error TS2551: Property 'academy' does not exist on type '{ type: CertificateType; description: string | null; id: string; createdAt: Date; academyId: string; metadata: JsonValue; updatedAt: Date; studentId: string; ... 8 more ...; revokedReason: string | null; }'. Did you mean 'academyId'?
src/modules/certificates/certificates.service.ts(185,72): error TS2551: Property 'academy' does not exist on type '{ type: CertificateType; description: string | null; id: string; createdAt: Date; academyId: string; metadata: JsonValue; updatedAt: Date; studentId: string; ... 8 more ...; revokedReason: string | null; }'. Did you mean 'academyId'?
src/modules/certificates/certificates.service.ts(186,30): error TS2551: Property 'academy' does not exist on type '{ type: CertificateType; description: string | null; id: string; createdAt: Date; academyId: string; metadata: JsonValue; updatedAt: Date; studentId: string; ... 8 more ...; revokedReason: string | null; }'. Did you mean 'academyId'?
src/modules/certificates/certificates.service.ts(187,30): error TS2551: Property 'academy' does not exist on type '{ type: CertificateType; description: string | null; id: string; createdAt: Date; academyId: string; metadata: JsonValue; updatedAt: Date; studentId: string; ... 8 more ...; revokedReason: string | null; }'. Did you mean 'academyId'?
src/modules/certificates/certificates.service.ts(188,25): error TS2551: Property 'academy' does not exist on type '{ type: CertificateType; description: string | null; id: string; createdAt: Date; academyId: string; metadata: JsonValue; updatedAt: Date; studentId: string; ... 8 more ...; revokedReason: string | null; }'. Did you mean 'academyId'?
src/modules/certificates/certificates.service.ts(190,28): error TS2551: Property 'academy' does not exist on type '{ type: CertificateType; description: string | null; id: string; createdAt: Date; academyId: string; metadata: JsonValue; updatedAt: Date; studentId: string; ... 8 more ...; revokedReason: string | null; }'. Did you mean 'academyId'?
src/modules/certificates/certificates.service.ts(191,30): error TS2551: Property 'academy' does not exist on type '{ type: CertificateType; description: string | null; id: string; createdAt: Date; academyId: string; metadata: JsonValue; updatedAt: Date; studentId: string; ... 8 more ...; revokedReason: string | null; }'. Did you mean 'academyId'?
src/modules/certificates/certificates.service.ts(240,13): error TS2353: Object literal may only specify known properties, and 'secondaryColor' does not exist in type 'AcademySelect<DefaultArgs>'.
src/modules/certificates/certificates.service.ts(261,25): error TS2551: Property 'student' does not exist on type '{ type: CertificateType; description: string | null; id: string; createdAt: Date; academyId: string; metadata: JsonValue; updatedAt: Date; studentId: string; ... 8 more ...; revokedReason: string | null; }'. Did you mean 'studentId'?
src/modules/certificates/certificates.service.ts(261,51): error TS2551: Property 'student' does not exist on type '{ type: CertificateType; description: string | null; id: string; createdAt: Date; academyId: string; metadata: JsonValue; updatedAt: Date; studentId: string; ... 8 more ...; revokedReason: string | null; }'. Did you mean 'studentId'?
src/modules/certificates/certificates.service.ts(262,22): error TS2551: Property 'student' does not exist on type '{ type: CertificateType; description: string | null; id: string; createdAt: Date; academyId: string; metadata: JsonValue; updatedAt: Date; studentId: string; ... 8 more ...; revokedReason: string | null; }'. Did you mean 'studentId'?
src/modules/certificates/certificates.service.ts(263,29): error TS2551: Property 'student' does not exist on type '{ type: CertificateType; description: string | null; id: string; createdAt: Date; academyId: string; metadata: JsonValue; updatedAt: Date; studentId: string; ... 8 more ...; revokedReason: string | null; }'. Did you mean 'studentId'?
src/modules/certificates/certificates.service.ts(266,22): error TS2551: Property 'academy' does not exist on type '{ type: CertificateType; description: string | null; id: string; createdAt: Date; academyId: string; metadata: JsonValue; updatedAt: Date; studentId: string; ... 8 more ...; revokedReason: string | null; }'. Did you mean 'academyId'?
src/modules/certificates/certificates.service.ts(267,25): error TS2551: Property 'academy' does not exist on type '{ type: CertificateType; description: string | null; id: string; createdAt: Date; academyId: string; metadata: JsonValue; updatedAt: Date; studentId: string; ... 8 more ...; revokedReason: string | null; }'. Did you mean 'academyId'?
src/modules/certificates/certificates.service.ts(268,26): error TS2551: Property 'academy' does not exist on type '{ type: CertificateType; description: string | null; id: string; createdAt: Date; academyId: string; metadata: JsonValue; updatedAt: Date; studentId: string; ... 8 more ...; revokedReason: string | null; }'. Did you mean 'academyId'?
src/modules/certificates/certificates.service.ts(268,53): error TS2551: Property 'academy' does not exist on type '{ type: CertificateType; description: string | null; id: string; createdAt: Date; academyId: string; metadata: JsonValue; updatedAt: Date; studentId: string; ... 8 more ...; revokedReason: string | null; }'. Did you mean 'academyId'?
src/modules/certificates/certificates.service.ts(268,72): error TS2551: Property 'academy' does not exist on type '{ type: CertificateType; description: string | null; id: string; createdAt: Date; academyId: string; metadata: JsonValue; updatedAt: Date; studentId: string; ... 8 more ...; revokedReason: string | null; }'. Did you mean 'academyId'?
src/modules/certificates/certificates.service.ts(269,30): error TS2551: Property 'academy' does not exist on type '{ type: CertificateType; description: string | null; id: string; createdAt: Date; academyId: string; metadata: JsonValue; updatedAt: Date; studentId: string; ... 8 more ...; revokedReason: string | null; }'. Did you mean 'academyId'?
src/modules/certificates/certificates.service.ts(270,30): error TS2551: Property 'academy' does not exist on type '{ type: CertificateType; description: string | null; id: string; createdAt: Date; academyId: string; metadata: JsonValue; updatedAt: Date; studentId: string; ... 8 more ...; revokedReason: string | null; }'. Did you mean 'academyId'?
src/modules/certificates/certificates.service.ts(271,25): error TS2551: Property 'academy' does not exist on type '{ type: CertificateType; description: string | null; id: string; createdAt: Date; academyId: string; metadata: JsonValue; updatedAt: Date; studentId: string; ... 8 more ...; revokedReason: string | null; }'. Did you mean 'academyId'?
src/modules/certificates/certificates.service.ts(273,28): error TS2551: Property 'academy' does not exist on type '{ type: CertificateType; description: string | null; id: string; createdAt: Date; academyId: string; metadata: JsonValue; updatedAt: Date; studentId: string; ... 8 more ...; revokedReason: string | null; }'. Did you mean 'academyId'?
src/modules/certificates/certificates.service.ts(274,30): error TS2551: Property 'academy' does not exist on type '{ type: CertificateType; description: string | null; id: string; createdAt: Date; academyId: string; metadata: JsonValue; updatedAt: Date; studentId: string; ... 8 more ...; revokedReason: string | null; }'. Did you mean 'academyId'?
src/modules/certificates/certificates.service.ts(292,42): error TS2353: Object literal may only specify known properties, and 'tagline' does not exist in type 'AcademySelect<DefaultArgs>'.
src/modules/certificates/certificates.service.ts(317,21): error TS2551: Property 'student' does not exist on type '{ type: CertificateType; description: string | null; id: string; createdAt: Date; academyId: string; metadata: JsonValue; updatedAt: Date; studentId: string; ... 8 more ...; revokedReason: string | null; }'. Did you mean 'studentId'?
src/modules/certificates/certificates.service.ts(318,21): error TS2551: Property 'academy' does not exist on type '{ type: CertificateType; description: string | null; id: string; createdAt: Date; academyId: string; metadata: JsonValue; updatedAt: Date; studentId: string; ... 8 more ...; revokedReason: string | null; }'. Did you mean 'academyId'?
src/modules/events/events.service.ts(79,110): error TS2345: Argument of type 'UserRole' is not assignable to parameter of type '"SUPER_ADMIN" | "ACADEMY_ADMIN" | "INSTRUCTOR" | "RECEPTIONIST"'.
  Type '"ACCOUNTANT"' is not assignable to type '"SUPER_ADMIN" | "ACADEMY_ADMIN" | "INSTRUCTOR" | "RECEPTIONIST"'.
src/modules/events/events.service.ts(80,64): error TS2339: Property 'LIVE' does not exist on type '{ DRAFT: "DRAFT"; PUBLISHED: "PUBLISHED"; REGISTRATION_OPEN: "REGISTRATION_OPEN"; REGISTRATION_CLOSED: "REGISTRATION_CLOSED"; ONGOING: "ONGOING"; COMPLETED: "COMPLETED"; CANCELLED: "CANCELLED"; }'.
src/modules/events/events.service.ts(156,80): error TS2339: Property 'LIVE' does not exist on type '{ DRAFT: "DRAFT"; PUBLISHED: "PUBLISHED"; REGISTRATION_OPEN: "REGISTRATION_OPEN"; REGISTRATION_CLOSED: "REGISTRATION_CLOSED"; ONGOING: "ONGOING"; COMPLETED: "COMPLETED"; CANCELLED: "CANCELLED"; }'.
src/modules/events/events.service.ts(238,109): error TS2345: Argument of type 'UserRole' is not assignable to parameter of type '"SUPER_ADMIN" | "ACADEMY_ADMIN" | "INSTRUCTOR" | "RECEPTIONIST"'.
  Type '"ACCOUNTANT"' is not assignable to type '"SUPER_ADMIN" | "ACADEMY_ADMIN" | "INSTRUCTOR" | "RECEPTIONIST"'.
src/modules/learning/learning.service.ts(33,13): error TS2551: Property 'BLACK' does not exist on type '{ WHITE: "WHITE"; YELLOW: "YELLOW"; ORANGE: "ORANGE"; GREEN: "GREEN"; BLUE: "BLUE"; PURPLE: "PURPLE"; BROWN: "BROWN"; RED: "RED"; BLACK_1: "BLACK_1"; BLACK_2: "BLACK_2"; BLACK_3: "BLACK_3"; BLACK_4: "BLACK_4"; BLACK_5: "BLACK_5"; }'. Did you mean 'BLACK_1'?
src/modules/learning/learning.service.ts(92,16): error TS2345: Argument of type 'UserRole' is not assignable to parameter of type '"SUPER_ADMIN" | "ACADEMY_ADMIN" | "INSTRUCTOR" | "RECEPTIONIST"'.
  Type '"ACCOUNTANT"' is not assignable to type '"SUPER_ADMIN" | "ACADEMY_ADMIN" | "INSTRUCTOR" | "RECEPTIONIST"'.
src/modules/learning/learning.service.ts(184,16): error TS2345: Argument of type 'UserRole' is not assignable to parameter of type '"SUPER_ADMIN" | "ACADEMY_ADMIN" | "INSTRUCTOR" | "RECEPTIONIST"'.
  Type '"ACCOUNTANT"' is not assignable to type '"SUPER_ADMIN" | "ACADEMY_ADMIN" | "INSTRUCTOR" | "RECEPTIONIST"'.
src/modules/notifications/notifications.service.ts(84,39): error TS2345: Argument of type '"NOTIFY"' is not assignable to parameter of type 'AuditAction'.
src/modules/notifications/notifications.service.ts(99,9): error TS2353: Object literal may only specify known properties, and 'user' does not exist in type 'NotificationInclude<DefaultArgs>'.
src/modules/notifications/notifications.service.ts(108,29): error TS2339: Property 'user' does not exist on type '{ id: string; createdAt: Date; academyId: string | null; status: NotificationStatus; updatedAt: Date; userId: string | null; data: JsonValue; ... 10 more ...; retries: number; }'.
src/modules/notifications/notifications.service.ts(111,28): error TS2339: Property 'user' does not exist on type '{ id: string; createdAt: Date; academyId: string | null; status: NotificationStatus; updatedAt: Date; userId: string | null; data: JsonValue; ... 10 more ...; retries: number; }'.
src/modules/notifications/notifications.service.ts(116,41): error TS2339: Property 'user' does not exist on type '{ id: string; createdAt: Date; academyId: string | null; status: NotificationStatus; updatedAt: Date; userId: string | null; data: JsonValue; ... 10 more ...; retries: number; }'.
src/modules/notifications/notifications.service.ts(122,32): error TS2339: Property 'user' does not exist on type '{ id: string; createdAt: Date; academyId: string | null; status: NotificationStatus; updatedAt: Date; userId: string | null; data: JsonValue; ... 10 more ...; retries: number; }'.
src/modules/notifications/notifications.service.ts(131,29): error TS2339: Property 'user' does not exist on type '{ id: string; createdAt: Date; academyId: string | null; status: NotificationStatus; updatedAt: Date; userId: string | null; data: JsonValue; ... 10 more ...; retries: number; }'.
src/modules/notifications/notifications.service.ts(133,44): error TS2339: Property 'user' does not exist on type '{ id: string; createdAt: Date; academyId: string | null; status: NotificationStatus; updatedAt: Date; userId: string | null; data: JsonValue; ... 10 more ...; retries: number; }'.
src/modules/notifications/notifications.service.ts(137,29): error TS2339: Property 'user' does not exist on type '{ id: string; createdAt: Date; academyId: string | null; status: NotificationStatus; updatedAt: Date; userId: string | null; data: JsonValue; ... 10 more ...; retries: number; }'.
src/modules/notifications/notifications.service.ts(139,53): error TS2339: Property 'user' does not exist on type '{ id: string; createdAt: Date; academyId: string | null; status: NotificationStatus; updatedAt: Date; userId: string | null; data: JsonValue; ... 10 more ...; retries: number; }'.
src/modules/notifications/notifications.service.ts(204,11): error TS2353: Object literal may only specify known properties, and 'isActive' does not exist in type 'UserWhereInput'.
src/modules/notifications/notifications.service.ts(213,62): error TS2353: Object literal may only specify known properties, and 'isActive' does not exist in type 'UserWhereInput'.
src/modules/reports/reports.service.ts(63,29): error TS2820: Type '"PASSED"' is not assignable to type 'ExamResult | EnumExamResultFilter<"BeltExam"> | undefined'. Did you mean '"PASS"'?
src/modules/reports/reports.service.ts(137,38): error TS2339: Property 'LEFT' does not exist on type '{ ACTIVE: "ACTIVE"; INACTIVE: "INACTIVE"; GRADUATED: "GRADUATED"; DROPPED: "DROPPED"; SUSPENDED: "SUSPENDED"; }'.
src/modules/reports/reports.service.ts(164,42): error TS2820: Type '"PASSED"' is not assignable to type 'ExamResult'. Did you mean '"PASS"'?
src/modules/reports/reports.service.ts(164,52): error TS2820: Type '"FAILED"' is not assignable to type 'ExamResult'. Did you mean '"FAIL"'?
src/modules/reports/reports.service.ts(171,11): error TS2367: This comparison appears to be unintentional because the types 'ExamResult' and '"PASSED"' have no overlap.
src/modules/reports/reports.service.ts(171,51): error TS18048: 'row._count' is possibly 'undefined'.
src/modules/reports/reports.service.ts(171,62): error TS2339: Property '_all' does not exist on type 'true | { id?: number | undefined; academyId?: number | undefined; studentId?: number | undefined; evaluatorId?: number | undefined; fromBelt?: number | undefined; toBelt?: number | undefined; ... 12 more ...; _all?: number | undefined; }'.
  Property '_all' does not exist on type 'true'.
src/modules/reports/reports.service.ts(172,11): error TS2367: This comparison appears to be unintentional because the types 'ExamResult' and '"FAILED"' have no overlap.
src/modules/reports/reports.service.ts(172,51): error TS18048: 'row._count' is possibly 'undefined'.
src/modules/reports/reports.service.ts(172,62): error TS2339: Property '_all' does not exist on type 'true | { id?: number | undefined; academyId?: number | undefined; studentId?: number | undefined; evaluatorId?: number | undefined; fromBelt?: number | undefined; toBelt?: number | undefined; ... 12 more ...; _all?: number | undefined; }'.
  Property '_all' does not exist on type 'true'.
src/modules/reports/reports.service.ts(193,61): error TS2353: Object literal may only specify known properties, and 'isActive' does not exist in type 'AcademyWhereInput'.
src/modules/students/dto/create-student.dto.ts(85,49): error TS2416: Property 'status' in type 'CreateStudentDto' is not assignable to the same property in base type '{ firstName: string; lastName: string; status: "ACTIVE" | "INACTIVE" | "SUSPENDED" | "GRADUATED" | "DROPPED"; country: string; dateOfBirth: Date; gender: "OTHER" | "MALE" | "FEMALE"; ... 31 more ...; batchIds?: string[] | undefined; }'.
  Type 'StudentStatus | undefined' is not assignable to type '"ACTIVE" | "INACTIVE" | "SUSPENDED" | "GRADUATED" | "DROPPED"'.
    Type 'undefined' is not assignable to type '"ACTIVE" | "INACTIVE" | "SUSPENDED" | "GRADUATED" | "DROPPED"'.
src/modules/students/dto/create-student.dto.ts(86,45): error TS2416: Property 'currentBelt' in type 'CreateStudentDto' is not assignable to the same property in base type '{ firstName: string; lastName: string; status: "ACTIVE" | "INACTIVE" | "SUSPENDED" | "GRADUATED" | "DROPPED"; country: string; dateOfBirth: Date; gender: "OTHER" | "MALE" | "FEMALE"; ... 31 more ...; batchIds?: string[] | undefined; }'.
  Type 'BeltLevel | undefined' is not assignable to type '"WHITE" | "YELLOW" | "ORANGE" | "GREEN" | "BLUE" | "PURPLE" | "BROWN" | "RED" | "BLACK_1" | "BLACK_2" | "BLACK_3" | "BLACK_4" | "BLACK_5"'.
    Type 'undefined' is not assignable to type '"WHITE" | "YELLOW" | "ORANGE" | "GREEN" | "BLUE" | "PURPLE" | "BROWN" | "RED" | "BLACK_1" | "BLACK_2" | "BLACK_3" | "BLACK_4" | "BLACK_5"'.
src/modules/students/dto/create-student.dto.ts(94,46): error TS2416: Property 'country' in type 'CreateStudentDto' is not assignable to the same property in base type '{ firstName: string; lastName: string; status: "ACTIVE" | "INACTIVE" | "SUSPENDED" | "GRADUATED" | "DROPPED"; country: string; dateOfBirth: Date; gender: "OTHER" | "MALE" | "FEMALE"; ... 31 more ...; batchIds?: string[] | undefined; }'.
  Type 'string | undefined' is not assignable to type 'string'.
    Type 'undefined' is not assignable to type 'string'.
src/modules/students/students.controller.ts(193,35): error TS2694: Namespace 'global.Express' has no exported member 'Multer'.
